#
# There is insufficient memory for the Java Runtime Environment to continue.
# Native memory allocation (malloc) failed to allocate 1048576 bytes. Error detail: AllocateHeap
# Possible reasons:
#   The system is out of physical RAM or swap space
#   This process is running with CompressedOops enabled, and the Java Heap may be blocking the growth of the native heap
# Possible solutions:
#   Reduce memory load on the system
#   Increase physical memory or swap space
#   Check if swap backing store is full
#   Decrease Java heap size (-Xmx/-Xms)
#   Decrease number of Java threads
#   Decrease Java thread stack sizes (-Xss)
#   Set larger code cache with -XX:ReservedCodeCacheSize=
#   JVM is running with Unscaled Compressed Oops mode in which the Java heap is
#     placed in the first 4GB address space. The Java Heap base address is the
#     maximum limit for the native heap growth. Please use -XX:HeapBaseMinAddress
#     to set the Java Heap base and to place the Java Heap above 4GB virtual address.
# This output file may be truncated or incomplete.
#
#  Out of Memory Error (allocation.cpp:44), pid=4204, tid=1700
#
# JRE version: OpenJDK Runtime Environment Temurin-17.0.11+9 (17.0.11+9) (build 17.0.11+9)
# Java VM: OpenJDK 64-Bit Server VM Temurin-17.0.11+9 (17.0.11+9, mixed mode, emulated-client, tiered, compressed oops, compressed class ptrs, g1 gc, windows-amd64)
# No core dump will be written. Minidumps are not enabled by default on client versions of Windows
#

---------------  S U M M A R Y ------------

Command Line: -Dcom.sun.management.jmxremote -Dcom.sun.management.jmxremote.port=63818 -Dcom.sun.management.jmxremote.authenticate=false -Dcom.sun.management.jmxremote.ssl=false -Djava.rmi.server.hostname=localhost -Dspring.jmx.enabled=true -Dmanagement.endpoints.jmx.exposure.include=* -Dspring.application.admin.enabled=true -XX:TieredStopAtLevel=1 -Dspring.boot.project.name=Filimbooking -Dfile.encoding=UTF-8 -Dstdout.encoding=UTF-8 -Dstderr.encoding=UTF-8 -XX:+ShowCodeDetailsInExceptionMessages com.bus.BusExperimentApplication --spring.output.ansi.enabled=always

Host: Intel(R) Core(TM) i5-6300U CPU @ 2.40GHz, 4 cores, 7G,  Windows 10 , 64 bit Build 19041 (10.0.19041.5915)
Time: Mon Aug 18 13:23:45 2025 India Standard Time elapsed time: 7783.482513 seconds (0d 2h 9m 43s)

---------------  T H R E A D  ---------------

Current thread (0x000002953b3b0400):  VMThread "VM Thread" [stack: 0x000000d3e0d00000,0x000000d3e0e00000] [id=1700]

Stack: [0x000000d3e0d00000,0x000000d3e0e00000]
Native frames: (J=compiled Java code, j=interpreted, Vv=VM code, C=native code)
V  [jvm.dll+0x67d429]
V  [jvm.dll+0x834b7a]
V  [jvm.dll+0x83663e]
V  [jvm.dll+0x836ca3]
V  [jvm.dll+0x247dbf]
V  [jvm.dll+0xa6cb3]
V  [jvm.dll+0x2f8ad3]
V  [jvm.dll+0x2f4750]
V  [jvm.dll+0x2dcf67]
V  [jvm.dll+0x31fb67]
V  [jvm.dll+0x83b19b]
V  [jvm.dll+0x83bed2]
V  [jvm.dll+0x83c3ed]
V  [jvm.dll+0x83c7c4]
V  [jvm.dll+0x83c890]
V  [jvm.dll+0x7e410a]
V  [jvm.dll+0x67c315]
C  [ucrtbase.dll+0x21bb2]
C  [KERNEL32.DLL+0x17374]
C  [ntdll.dll+0x4cc91]

VM_Operation (0x000000d3e05ff1e0): G1CollectFull, mode: safepoint, requested by thread 0x00000295405afff0


---------------  P R O C E S S  ---------------

Threads class SMR info:
_java_thread_list=0x0000029541fc3d60, length=20, elements={
0x000002953b3b3030, 0x000002953b3b4040, 0x000002953b3dc250, 0x000002953b41f2b0,
0x000002953b41fe40, 0x000002953b421720, 0x000002953b421ff0, 0x000002953b44e980,
0x000002953b561f40, 0x000002953b5e0a50, 0x000002954037a9b0, 0x00000295403856c0,
0x000002954042e1e0, 0x0000029540f51de0, 0x00000295405afae0, 0x00000295405af0c0,
0x00000295405af5d0, 0x00000295405ad770, 0x00000295405ae190, 0x00000295405afff0
}

Java Threads: ( => current thread )
  0x000002953b3b3030 JavaThread "Reference Handler" daemon [_thread_blocked, id=7056, stack(0x000000d3e0e00000,0x000000d3e0f00000)]
  0x000002953b3b4040 JavaThread "Finalizer" daemon [_thread_blocked, id=10692, stack(0x000000d3e0f00000,0x000000d3e1000000)]
  0x000002953b3dc250 JavaThread "Signal Dispatcher" daemon [_thread_blocked, id=3532, stack(0x000000d3e1000000,0x000000d3e1100000)]
  0x000002953b41f2b0 JavaThread "Attach Listener" daemon [_thread_blocked, id=3860, stack(0x000000d3e1100000,0x000000d3e1200000)]
  0x000002953b41fe40 JavaThread "Service Thread" daemon [_thread_blocked, id=6228, stack(0x000000d3e1200000,0x000000d3e1300000)]
  0x000002953b421720 JavaThread "Monitor Deflation Thread" daemon [_thread_blocked, id=3912, stack(0x000000d3e1300000,0x000000d3e1400000)]
  0x000002953b421ff0 JavaThread "C1 CompilerThread0" daemon [_thread_blocked, id=7396, stack(0x000000d3e1400000,0x000000d3e1500000)]
  0x000002953b44e980 JavaThread "Sweeper thread" daemon [_thread_blocked, id=10508, stack(0x000000d3e1500000,0x000000d3e1600000)]
  0x000002953b561f40 JavaThread "Common-Cleaner" daemon [_thread_blocked, id=4156, stack(0x000000d3e1600000,0x000000d3e1700000)]
  0x000002953b5e0a50 JavaThread "Notification Thread" daemon [_thread_blocked, id=12092, stack(0x000000d3e1800000,0x000000d3e1900000)]
  0x000002954037a9b0 JavaThread "RMI TCP Accept-0" daemon [_thread_in_native, id=10976, stack(0x000000d3e1b00000,0x000000d3e1c00000)]
  0x00000295403856c0 JavaThread "RMI TCP Accept-63818" daemon [_thread_in_native, id=10264, stack(0x000000d3e1c00000,0x000000d3e1d00000)]
  0x000002954042e1e0 JavaThread "RMI TCP Accept-0" daemon [_thread_in_native, id=3260, stack(0x000000d3e1d00000,0x000000d3e1e00000)]
  0x0000029540f51de0 JavaThread "mysql-cj-abandoned-connection-cleanup" daemon [_thread_blocked, id=608, stack(0x000000d3e2900000,0x000000d3e2a00000)]
  0x00000295405afae0 JavaThread "Live Reload Server" daemon [_thread_in_native, id=10720, stack(0x000000d3e2f00000,0x000000d3e3000000)]
  0x00000295405af0c0 JavaThread "DestroyJavaVM" [_thread_blocked, id=3504, stack(0x000000d3e0700000,0x000000d3e0800000)]
  0x00000295405af5d0 JavaThread "RMI Scheduler(0)" daemon [_thread_blocked, id=7244, stack(0x000000d3e1900000,0x000000d3e1a00000)]
  0x00000295405ad770 JavaThread "RMI TCP Connection(idle)" daemon [_thread_blocked, id=256, stack(0x000000d3e3400000,0x000000d3e3500000)]
  0x00000295405ae190 JavaThread "JMX server connection timeout 72" daemon [_thread_blocked, id=3476, stack(0x000000d3e3500000,0x000000d3e3600000)]
  0x00000295405afff0 JavaThread "Thread-15" [_thread_blocked, id=9232, stack(0x000000d3e0500000,0x000000d3e0600000)]

Other Threads:
=>0x000002953b3b0400 VMThread "VM Thread" [stack: 0x000000d3e0d00000,0x000000d3e0e00000] [id=1700]
  0x000002952ddbcde0 WatcherThread [stack: 0x000000d3e1e00000,0x000000d3e1f00000] [id=7472]
  0x000002952de173f0 GCTaskThread "GC Thread#0" [stack: 0x000000d3e0800000,0x000000d3e0900000] [id=6848]
  0x00000295407067e0 GCTaskThread "GC Thread#1" [stack: 0x000000d3e1f00000,0x000000d3e2000000] [id=7300]
  0x0000029540706aa0 GCTaskThread "GC Thread#2" [stack: 0x000000d3e2000000,0x000000d3e2100000] [id=6576]
  0x000002954072bef0 GCTaskThread "GC Thread#3" [stack: 0x000000d3e2100000,0x000000d3e2200000] [id=1152]
  0x000002952de27ed0 ConcurrentGCThread "G1 Main Marker" [stack: 0x000000d3e0900000,0x000000d3e0a00000] [id=3836]
  0x000002952de28800 ConcurrentGCThread "G1 Conc#0" [stack: 0x000000d3e0a00000,0x000000d3e0b00000] [id=2980]
  0x000002952de6d4d0 ConcurrentGCThread "G1 Refine#0" [stack: 0x000000d3e0b00000,0x000000d3e0c00000] [id=9328]
  0x000002953b76cc20 ConcurrentGCThread "G1 Refine#1" [stack: 0x000000d3e2200000,0x000000d3e2300000] [id=9508]
  0x000002953b76cf10 ConcurrentGCThread "G1 Refine#2" [stack: 0x000000d3e2300000,0x000000d3e2400000] [id=2740]
  0x000002952de6de10 ConcurrentGCThread "G1 Service" [stack: 0x000000d3e0c00000,0x000000d3e0d00000] [id=7616]

Threads with active compile tasks:

VM state: at safepoint (normal execution)

VM Mutex/Monitor currently owned by a thread:  ([mutex/lock_event])
[0x000002952ddb6e90] Threads_lock - owner thread: 0x000002953b3b0400
[0x000002952ddb71f0] Heap_lock - owner thread: 0x00000295405afff0

Heap address: 0x0000000081c00000, size: 2020 MB, Compressed Oops mode: 32-bit

CDS archive(s) not mapped
Compressed class space mapped at: 0x0000000100000000-0x0000000140000000, reserved size: 1073741824
Narrow klass base: 0x0000000000000000, Narrow klass shift: 3, Narrow klass range: 0x140000000

GC Precious Log:
 CPUs: 4 total, 4 available
 Memory: 8072M
 Large Page Support: Disabled
 NUMA Support: Disabled
 Compressed Oops: Enabled (32-bit)
 Heap Region Size: 1M
 Heap Min Capacity: 8M
 Heap Initial Capacity: 128M
 Heap Max Capacity: 2020M
 Pre-touch: Disabled
 Parallel Workers: 4
 Concurrent Workers: 1
 Concurrent Refinement Workers: 4
 Periodic GC: Disabled

Heap:
 garbage-first heap   total 71680K, used 51364K [0x0000000081c00000, 0x0000000100000000)
  region size 1024K, 26 young (26624K), 3 survivors (3072K)
 Metaspace       used 68817K, committed 69440K, reserved 1114112K
  class space    used 9233K, committed 9536K, reserved 1048576K

Heap Regions: E=young(eden), S=young(survivor), O=old, HS=humongous(starts), HC=humongous(continues), CS=collection set, F=free, OA=open archive, CA=closed archive, TAMS=top-at-mark-start (previous, next)
|   0|0x0000000081c00000, 0x0000000081d00000, 0x0000000081d00000|100%|HS|  |TAMS 0x0000000081d00000, 0x0000000081c00000| Complete 
|   1|0x0000000081d00000, 0x0000000081e00000, 0x0000000081e00000|100%| O|  |TAMS 0x0000000081e00000, 0x0000000081d00000| Untracked 
|   2|0x0000000081e00000, 0x0000000081f00000, 0x0000000081f00000|100%| O|  |TAMS 0x0000000081f00000, 0x0000000081e00000| Untracked 
|   3|0x0000000081f00000, 0x0000000081ffffc0, 0x0000000082000000| 99%| O|  |TAMS 0x0000000081ffffc0, 0x0000000081f00000| Untracked 
|   4|0x0000000082000000, 0x00000000820fffc8, 0x0000000082100000| 99%| O|  |TAMS 0x00000000820fffc8, 0x0000000082000000| Untracked 
|   5|0x0000000082100000, 0x00000000821fffb0, 0x0000000082200000| 99%| O|  |TAMS 0x00000000821fffb0, 0x0000000082100000| Untracked 
|   6|0x0000000082200000, 0x00000000822fffd8, 0x0000000082300000| 99%| O|  |TAMS 0x00000000822fffd8, 0x0000000082200000| Untracked 
|   7|0x0000000082300000, 0x00000000823fffd8, 0x0000000082400000| 99%| O|  |TAMS 0x00000000823fffd8, 0x0000000082300000| Untracked 
|   8|0x0000000082400000, 0x00000000824fffe0, 0x0000000082500000| 99%| O|  |TAMS 0x00000000824fffe0, 0x0000000082400000| Untracked 
|   9|0x0000000082500000, 0x00000000825ffff8, 0x0000000082600000| 99%| O|  |TAMS 0x00000000825ffff8, 0x0000000082500000| Untracked 
|  10|0x0000000082600000, 0x00000000826ffff0, 0x0000000082700000| 99%| O|  |TAMS 0x00000000826ffff0, 0x0000000082600000| Untracked 
|  11|0x0000000082700000, 0x0000000082800000, 0x0000000082800000|100%| O|  |TAMS 0x0000000082800000, 0x0000000082700000| Untracked 
|  12|0x0000000082800000, 0x00000000828ffff0, 0x0000000082900000| 99%| O|  |TAMS 0x00000000828ffff0, 0x0000000082800000| Untracked 
|  13|0x0000000082900000, 0x00000000829ffff8, 0x0000000082a00000| 99%| O|  |TAMS 0x00000000829ffff8, 0x0000000082900000| Untracked 
|  14|0x0000000082a00000, 0x0000000082b00000, 0x0000000082b00000|100%| O|  |TAMS 0x0000000082b00000, 0x0000000082a00000| Untracked 
|  15|0x0000000082b00000, 0x0000000082bffff8, 0x0000000082c00000| 99%| O|  |TAMS 0x0000000082bffff8, 0x0000000082b00000| Untracked 
|  16|0x0000000082c00000, 0x0000000082cfffc0, 0x0000000082d00000| 99%| O|  |TAMS 0x0000000082cfffc0, 0x0000000082c00000| Untracked 
|  17|0x0000000082d00000, 0x0000000082d119f8, 0x0000000082e00000|  6%| O|  |TAMS 0x0000000082d119f8, 0x0000000082d00000| Untracked 
|  18|0x0000000082e00000, 0x0000000082f00000, 0x0000000082f00000|100%| O|  |TAMS 0x0000000082f00000, 0x0000000082e00000| Untracked 
|  19|0x0000000082f00000, 0x0000000083000000, 0x0000000083000000|100%| O|  |TAMS 0x0000000083000000, 0x0000000082f00000| Untracked 
|  20|0x0000000083000000, 0x00000000830fffe0, 0x0000000083100000| 99%| O|  |TAMS 0x00000000830fffe0, 0x0000000083000000| Untracked 
|  21|0x0000000083100000, 0x0000000083196d20, 0x0000000083200000| 58%| O|  |TAMS 0x0000000083196d20, 0x0000000083100000| Untracked 
|  22|0x0000000083200000, 0x0000000083300000, 0x0000000083300000|100%| O|  |TAMS 0x0000000083300000, 0x0000000083200000| Untracked 
|  23|0x0000000083300000, 0x00000000833ffff0, 0x0000000083400000| 99%| O|  |TAMS 0x00000000833ffff0, 0x0000000083300000| Untracked 
|  24|0x0000000083400000, 0x0000000083500000, 0x0000000083500000|100%| O|  |TAMS 0x0000000083487a00, 0x0000000083400000| Untracked 
|  25|0x0000000083500000, 0x0000000083600000, 0x0000000083600000|100%| O|  |TAMS 0x0000000083500000, 0x0000000083500000| Untracked 
|  26|0x0000000083600000, 0x0000000083700000, 0x0000000083700000|100%| O|  |TAMS 0x0000000083600000, 0x0000000083600000| Untracked 
|  27|0x0000000083700000, 0x0000000083721000, 0x0000000083800000| 12%| O|  |TAMS 0x0000000083700000, 0x0000000083700000| Untracked 
|  28|0x0000000083800000, 0x0000000083800000, 0x0000000083900000|  0%| F|  |TAMS 0x0000000083800000, 0x0000000083800000| Untracked 
|  29|0x0000000083900000, 0x0000000083900000, 0x0000000083a00000|  0%| F|  |TAMS 0x0000000083900000, 0x0000000083900000| Untracked 
|  30|0x0000000083a00000, 0x0000000083a20ed0, 0x0000000083b00000| 12%| O|  |TAMS 0x0000000083a20ed0, 0x0000000083a00000| Untracked 
|  31|0x0000000083b00000, 0x0000000083b00000, 0x0000000083c00000|  0%| F|  |TAMS 0x0000000083b00000, 0x0000000083b00000| Untracked 
|  32|0x0000000083c00000, 0x0000000083c00000, 0x0000000083d00000|  0%| F|  |TAMS 0x0000000083c00000, 0x0000000083c00000| Untracked 
|  33|0x0000000083d00000, 0x0000000083d00000, 0x0000000083e00000|  0%| F|  |TAMS 0x0000000083d00000, 0x0000000083d00000| Untracked 
|  34|0x0000000083e00000, 0x0000000083e00000, 0x0000000083f00000|  0%| F|  |TAMS 0x0000000083e00000, 0x0000000083e00000| Untracked 
|  35|0x0000000083f00000, 0x0000000083f00000, 0x0000000084000000|  0%| F|  |TAMS 0x0000000083f00000, 0x0000000083f00000| Untracked 
|  36|0x0000000084000000, 0x0000000084000000, 0x0000000084100000|  0%| F|  |TAMS 0x0000000084000000, 0x0000000084000000| Untracked 
|  37|0x0000000084100000, 0x0000000084100000, 0x0000000084200000|  0%| F|  |TAMS 0x0000000084100000, 0x0000000084100000| Untracked 
|  38|0x0000000084200000, 0x0000000084200000, 0x0000000084300000|  0%| F|  |TAMS 0x0000000084200000, 0x0000000084200000| Untracked 
|  39|0x0000000084300000, 0x000000008433ed40, 0x0000000084400000| 24%| S|CS|TAMS 0x0000000084300000, 0x0000000084300000| Complete 
|  40|0x0000000084400000, 0x0000000084500000, 0x0000000084500000|100%| S|CS|TAMS 0x0000000084400000, 0x0000000084400000| Complete 
|  41|0x0000000084500000, 0x0000000084600000, 0x0000000084600000|100%| S|CS|TAMS 0x0000000084500000, 0x0000000084500000| Complete 
|  42|0x0000000084600000, 0x0000000084600000, 0x0000000084700000|  0%| F|  |TAMS 0x0000000084600000, 0x0000000084600000| Untracked 
|  43|0x0000000084700000, 0x0000000084700000, 0x0000000084800000|  0%| F|  |TAMS 0x0000000084700000, 0x0000000084700000| Untracked 
|  44|0x0000000084800000, 0x0000000084800000, 0x0000000084900000|  0%| F|  |TAMS 0x0000000084800000, 0x0000000084800000| Untracked 
|  45|0x0000000084900000, 0x0000000084900000, 0x0000000084a00000|  0%| F|  |TAMS 0x0000000084900000, 0x0000000084900000| Untracked 
|  46|0x0000000084a00000, 0x0000000084a00000, 0x0000000084b00000|  0%| F|  |TAMS 0x0000000084a00000, 0x0000000084a00000| Untracked 
|  47|0x0000000084b00000, 0x0000000084b2b2d8, 0x0000000084c00000| 16%| E|  |TAMS 0x0000000084b00000, 0x0000000084b00000| Complete 
|  48|0x0000000084c00000, 0x0000000084d00000, 0x0000000084d00000|100%| E|CS|TAMS 0x0000000084c00000, 0x0000000084c00000| Complete 
|  49|0x0000000084d00000, 0x0000000084e00000, 0x0000000084e00000|100%| E|CS|TAMS 0x0000000084d00000, 0x0000000084d00000| Complete 
|  50|0x0000000084e00000, 0x0000000084f00000, 0x0000000084f00000|100%| E|CS|TAMS 0x0000000084e00000, 0x0000000084e00000| Complete 
|  51|0x0000000084f00000, 0x0000000085000000, 0x0000000085000000|100%| E|CS|TAMS 0x0000000084f00000, 0x0000000084f00000| Complete 
|  52|0x0000000085000000, 0x0000000085100000, 0x0000000085100000|100%| E|CS|TAMS 0x0000000085000000, 0x0000000085000000| Complete 
|  53|0x0000000085100000, 0x0000000085200000, 0x0000000085200000|100%| E|CS|TAMS 0x0000000085100000, 0x0000000085100000| Complete 
|  54|0x0000000085200000, 0x0000000085300000, 0x0000000085300000|100%| E|CS|TAMS 0x0000000085200000, 0x0000000085200000| Complete 
|  55|0x0000000085300000, 0x0000000085400000, 0x0000000085400000|100%| E|CS|TAMS 0x0000000085300000, 0x0000000085300000| Complete 
|  56|0x0000000085400000, 0x0000000085500000, 0x0000000085500000|100%| E|CS|TAMS 0x0000000085400000, 0x0000000085400000| Complete 
|  57|0x0000000085500000, 0x0000000085600000, 0x0000000085600000|100%| E|CS|TAMS 0x0000000085500000, 0x0000000085500000| Complete 
|  58|0x0000000085600000, 0x0000000085700000, 0x0000000085700000|100%| E|CS|TAMS 0x0000000085600000, 0x0000000085600000| Complete 
|  59|0x0000000085700000, 0x0000000085800000, 0x0000000085800000|100%| E|CS|TAMS 0x0000000085700000, 0x0000000085700000| Complete 
|  60|0x0000000085800000, 0x0000000085900000, 0x0000000085900000|100%| E|CS|TAMS 0x0000000085800000, 0x0000000085800000| Complete 
|  61|0x0000000085900000, 0x0000000085a00000, 0x0000000085a00000|100%| E|CS|TAMS 0x0000000085900000, 0x0000000085900000| Complete 
|  62|0x0000000085a00000, 0x0000000085b00000, 0x0000000085b00000|100%| E|CS|TAMS 0x0000000085a00000, 0x0000000085a00000| Complete 
|  63|0x0000000085b00000, 0x0000000085c00000, 0x0000000085c00000|100%| E|CS|TAMS 0x0000000085b00000, 0x0000000085b00000| Complete 
|  64|0x0000000085c00000, 0x0000000085d00000, 0x0000000085d00000|100%| E|CS|TAMS 0x0000000085c00000, 0x0000000085c00000| Complete 
| 104|0x0000000088400000, 0x0000000088500000, 0x0000000088500000|100%| E|CS|TAMS 0x0000000088400000, 0x0000000088400000| Complete 
| 105|0x0000000088500000, 0x0000000088600000, 0x0000000088600000|100%| E|CS|TAMS 0x0000000088500000, 0x0000000088500000| Complete 
| 106|0x0000000088600000, 0x0000000088700000, 0x0000000088700000|100%| E|CS|TAMS 0x0000000088600000, 0x0000000088600000| Complete 
| 126|0x0000000089a00000, 0x0000000089b00000, 0x0000000089b00000|100%| E|CS|TAMS 0x0000000089a00000, 0x0000000089a00000| Complete 
| 127|0x0000000089b00000, 0x0000000089c00000, 0x0000000089c00000|100%| E|CS|TAMS 0x0000000089b00000, 0x0000000089b00000| Complete 

Card table byte_map: [0x0000029534890000,0x0000029534c90000] _byte_map_base: 0x0000029534482000

Marking Bits (Prev, Next): (CMBitMap*) 0x000002952de17920, (CMBitMap*) 0x000002952de17960
 Prev Bits: [0x0000029535090000, 0x0000029537020000)
 Next Bits: [0x0000029537020000, 0x0000029538fb0000)

Polling page: 0x000002952bf30000

Metaspace:

Usage:
  Non-class:     58.19 MB used.
      Class:      9.02 MB used.
       Both:     67.20 MB used.

Virtual space:
  Non-class space:       64.00 MB reserved,      58.50 MB ( 91%) committed,  1 nodes.
      Class space:        1.00 GB reserved,       9.31 MB ( <1%) committed,  1 nodes.
             Both:        1.06 GB reserved,      67.81 MB (  6%) committed. 

Chunk freelists:
   Non-Class:  5.04 MB
       Class:  6.62 MB
        Both:  11.66 MB

MaxMetaspaceSize: unlimited
CompressedClassSpaceSize: 1.00 GB
Initial GC threshold: 21.00 MB
Current GC threshold: 113.06 MB
CDS: off
MetaspaceReclaimPolicy: balanced
 - commit_granule_bytes: 65536.
 - commit_granule_words: 8192.
 - virtual_space_node_default_size: 8388608.
 - enlarge_chunks_in_place: 1.
 - new_chunks_are_fully_committed: 0.
 - uncommit_free_chunks: 1.
 - use_allocation_guard: 0.
 - handle_deallocations: 1.


Internal statistics:

num_allocs_failed_limit: 14.
num_arena_births: 976.
num_arena_deaths: 218.
num_vsnodes_births: 2.
num_vsnodes_deaths: 0.
num_space_committed: 1087.
num_space_uncommitted: 2.
num_chunks_returned_to_freelist: 334.
num_chunks_taken_from_freelist: 3414.
num_chunk_merges: 61.
num_chunk_splits: 2167.
num_chunks_enlarged: 1532.
num_inconsistent_stats: 0.

CodeCache: size=49152Kb used=16942Kb max_used=18033Kb free=32209Kb
 bounds [0x0000029531490000, 0x0000029532630000, 0x0000029534490000]
 total_blobs=10467 nmethods=9804 adapters=589
 compilation: enabled
              stopped_count=0, restarted_count=0
 full_count=0

Compilation events (20 events):
Event: 7626.753 Thread 0x000002953b421ff0 9794       1       com.zaxxer.hikari.pool.HikariPool::access$600 (5 bytes)
Event: 7626.754 Thread 0x000002953b421ff0 nmethod 9794 0x00000295325b6190 code [0x00000295325b6320, 0x00000295325b63e8]
Event: 7636.004 Thread 0x000002953b421ff0 9795       1       java.io.DataOutputStream::writeByte (14 bytes)
Event: 7636.004 Thread 0x000002953b421ff0 nmethod 9795 0x00000295325b5e90 code [0x00000295325b6020, 0x00000295325b6128]
Event: 7696.009 Thread 0x000002953b421ff0 9796       1       java.io.ObjectInputStream::readShort (8 bytes)
Event: 7696.010 Thread 0x000002953b421ff0 nmethod 9796 0x00000295325b5b90 code [0x00000295325b5d20, 0x00000295325b5e08]
Event: 7783.464 Thread 0x000002953b421ff0 9797       1       java.net.NetworkInterface::<init> (15 bytes)
Event: 7783.464 Thread 0x000002953b421ff0 nmethod 9797 0x00000295325b5890 code [0x00000295325b5a20, 0x00000295325b5b18]
Event: 7783.473 Thread 0x000002953b421ff0 9798       1       java.util.ComparableTimSort::sort (219 bytes)
Event: 7783.474 Thread 0x000002953b421ff0 nmethod 9798 0x00000295325b4f90 code [0x00000295325b51a0, 0x00000295325b5578]
Event: 7783.474 Thread 0x000002953b421ff0 9799       1       org.springframework.beans.factory.support.DefaultListableBeanFactory::destroySingleton (15 bytes)
Event: 7783.475 Thread 0x000002953b421ff0 nmethod 9799 0x00000295325b4890 code [0x00000295325b4a80, 0x00000295325b4d58]
Event: 7783.475 Thread 0x000002953b421ff0 9800   !   1       org.springframework.beans.factory.support.DefaultSingletonBeanRegistry::destroySingleton (45 bytes)
Event: 7783.475 Thread 0x000002953b421ff0 nmethod 9800 0x00000295325b4290 code [0x00000295325b4460, 0x00000295325b46e8]
Event: 7783.475 Thread 0x000002953b421ff0 9801   !   1       org.springframework.beans.factory.support.AbstractAutowireCapableBeanFactory::removeSingleton (34 bytes)
Event: 7783.475 Thread 0x000002953b421ff0 nmethod 9801 0x00000295325b3b10 code [0x00000295325b3ce0, 0x00000295325b4028]
Event: 7783.475 Thread 0x000002953b421ff0 9802   !   1       org.springframework.beans.factory.support.FactoryBeanRegistrySupport::removeSingleton (34 bytes)
Event: 7783.476 Thread 0x000002953b421ff0 nmethod 9802 0x00000295325b3610 code [0x00000295325b37c0, 0x00000295325b39b8]
Event: 7783.476 Thread 0x000002953b421ff0 9803   !   1       org.springframework.beans.factory.support.DefaultSingletonBeanRegistry::removeSingleton (62 bytes)
Event: 7783.476 Thread 0x000002953b421ff0 nmethod 9803 0x00000295325b3010 code [0x00000295325b31e0, 0x00000295325b3438]

GC Heap History (20 events):
Event: 5643.597 GC heap before
{Heap before GC invocations=44 (full 2):
 garbage-first heap   total 71680K, used 56728K [0x0000000081c00000, 0x0000000100000000)
  region size 1024K, 28 young (28672K), 3 survivors (3072K)
 Metaspace       used 68695K, committed 69248K, reserved 1114112K
  class space    used 9201K, committed 9472K, reserved 1048576K
}
Event: 5643.605 GC heap after
{Heap after GC invocations=45 (full 2):
 garbage-first heap   total 71680K, used 31426K [0x0000000081c00000, 0x0000000100000000)
  region size 1024K, 1 young (1024K), 1 survivors (1024K)
 Metaspace       used 68695K, committed 69248K, reserved 1114112K
  class space    used 9201K, committed 9472K, reserved 1048576K
}
Event: 6072.218 GC heap before
{Heap before GC invocations=45 (full 2):
 garbage-first heap   total 71680K, used 57026K [0x0000000081c00000, 0x0000000100000000)
  region size 1024K, 26 young (26624K), 1 survivors (1024K)
 Metaspace       used 68695K, committed 69248K, reserved 1114112K
  class space    used 9201K, committed 9472K, reserved 1048576K
}
Event: 6072.220 GC heap after
{Heap after GC invocations=46 (full 2):
 garbage-first heap   total 71680K, used 31453K [0x0000000081c00000, 0x0000000100000000)
  region size 1024K, 1 young (1024K), 1 survivors (1024K)
 Metaspace       used 68695K, committed 69248K, reserved 1114112K
  class space    used 9201K, committed 9472K, reserved 1048576K
}
Event: 6514.860 GC heap before
{Heap before GC invocations=47 (full 2):
 garbage-first heap   total 71680K, used 57053K [0x0000000081c00000, 0x0000000100000000)
  region size 1024K, 27 young (27648K), 1 survivors (1024K)
 Metaspace       used 68662K, committed 69248K, reserved 1114112K
  class space    used 9194K, committed 9472K, reserved 1048576K
}
Event: 6514.862 GC heap after
{Heap after GC invocations=48 (full 2):
 garbage-first heap   total 71680K, used 31289K [0x0000000081c00000, 0x0000000100000000)
  region size 1024K, 1 young (1024K), 1 survivors (1024K)
 Metaspace       used 68662K, committed 69248K, reserved 1114112K
  class space    used 9194K, committed 9472K, reserved 1048576K
}
Event: 6549.719 GC heap before
{Heap before GC invocations=48 (full 2):
 garbage-first heap   total 71680K, used 33337K [0x0000000081c00000, 0x0000000100000000)
  region size 1024K, 3 young (3072K), 1 survivors (1024K)
 Metaspace       used 68662K, committed 69248K, reserved 1114112K
  class space    used 9194K, committed 9472K, reserved 1048576K
}
Event: 6549.724 GC heap after
{Heap after GC invocations=49 (full 2):
 garbage-first heap   total 71680K, used 27767K [0x0000000081c00000, 0x0000000100000000)
  region size 1024K, 1 young (1024K), 1 survivors (1024K)
 Metaspace       used 68662K, committed 69248K, reserved 1114112K
  class space    used 9194K, committed 9472K, reserved 1048576K
}
Event: 6582.758 GC heap before
{Heap before GC invocations=49 (full 2):
 garbage-first heap   total 71680K, used 29815K [0x0000000081c00000, 0x0000000100000000)
  region size 1024K, 3 young (3072K), 1 survivors (1024K)
 Metaspace       used 68665K, committed 69248K, reserved 1114112K
  class space    used 9195K, committed 9472K, reserved 1048576K
}
Event: 6582.760 GC heap after
{Heap after GC invocations=50 (full 2):
 garbage-first heap   total 71680K, used 27440K [0x0000000081c00000, 0x0000000100000000)
  region size 1024K, 1 young (1024K), 1 survivors (1024K)
 Metaspace       used 68665K, committed 69248K, reserved 1114112K
  class space    used 9195K, committed 9472K, reserved 1048576K
}
Event: 7102.142 GC heap before
{Heap before GC invocations=50 (full 2):
 garbage-first heap   total 71680K, used 59184K [0x0000000081c00000, 0x0000000100000000)
  region size 1024K, 32 young (32768K), 1 survivors (1024K)
 Metaspace       used 68675K, committed 69248K, reserved 1114112K
  class space    used 9197K, committed 9472K, reserved 1048576K
}
Event: 7102.144 GC heap after
{Heap after GC invocations=51 (full 2):
 garbage-first heap   total 71680K, used 27719K [0x0000000081c00000, 0x0000000100000000)
  region size 1024K, 1 young (1024K), 1 survivors (1024K)
 Metaspace       used 68675K, committed 69248K, reserved 1114112K
  class space    used 9197K, committed 9472K, reserved 1048576K
}
Event: 7535.670 GC heap before
{Heap before GC invocations=52 (full 2):
 garbage-first heap   total 71680K, used 55367K [0x0000000081c00000, 0x0000000100000000)
  region size 1024K, 29 young (29696K), 1 survivors (1024K)
 Metaspace       used 68216K, committed 69120K, reserved 1114112K
  class space    used 9165K, committed 9472K, reserved 1048576K
}
Event: 7535.720 GC heap after
{Heap after GC invocations=53 (full 3):
 garbage-first heap   total 71680K, used 20261K [0x0000000081c00000, 0x0000000100000000)
  region size 1024K, 0 young (0K), 0 survivors (0K)
 Metaspace       used 68203K, committed 69120K, reserved 1114112K
  class space    used 9163K, committed 9472K, reserved 1048576K
}
Event: 7536.581 GC heap before
{Heap before GC invocations=53 (full 3):
 garbage-first heap   total 71680K, used 57125K [0x0000000081c00000, 0x0000000100000000)
  region size 1024K, 37 young (37888K), 0 survivors (0K)
 Metaspace       used 68375K, committed 69120K, reserved 1114112K
  class space    used 9191K, committed 9472K, reserved 1048576K
}
Event: 7536.586 GC heap after
{Heap after GC invocations=54 (full 3):
 garbage-first heap   total 71680K, used 23991K [0x0000000081c00000, 0x0000000100000000)
  region size 1024K, 4 young (4096K), 4 survivors (4096K)
 Metaspace       used 68375K, committed 69120K, reserved 1114112K
  class space    used 9191K, committed 9472K, reserved 1048576K
}
Event: 7537.059 GC heap before
{Heap before GC invocations=55 (full 3):
 garbage-first heap   total 71680K, used 56759K [0x0000000081c00000, 0x0000000100000000)
  region size 1024K, 36 young (36864K), 4 survivors (4096K)
 Metaspace       used 68635K, committed 69184K, reserved 1114112K
  class space    used 9214K, committed 9472K, reserved 1048576K
}
Event: 7537.065 GC heap after
{Heap after GC invocations=56 (full 3):
 garbage-first heap   total 71680K, used 26635K [0x0000000081c00000, 0x0000000100000000)
  region size 1024K, 3 young (3072K), 3 survivors (3072K)
 Metaspace       used 68635K, committed 69184K, reserved 1114112K
  class space    used 9214K, committed 9472K, reserved 1048576K
}
Event: 7537.403 GC heap before
{Heap before GC invocations=56 (full 3):
 garbage-first heap   total 71680K, used 55307K [0x0000000081c00000, 0x0000000100000000)
  region size 1024K, 31 young (31744K), 3 survivors (3072K)
 Metaspace       used 68785K, committed 69376K, reserved 1114112K
  class space    used 9230K, committed 9536K, reserved 1048576K
}
Event: 7537.409 GC heap after
{Heap after GC invocations=57 (full 3):
 garbage-first heap   total 71680K, used 28836K [0x0000000081c00000, 0x0000000100000000)
  region size 1024K, 3 young (3072K), 3 survivors (3072K)
 Metaspace       used 68785K, committed 69376K, reserved 1114112K
  class space    used 9230K, committed 9536K, reserved 1048576K
}

Dll operation events (10 events):
Event: 0.009 Loaded shared library D:\JAVA_FOLD\springboot\sts-4.22.1.RELEASE\plugins\org.eclipse.justj.openjdk.hotspot.jre.full.win32.x86_64_17.0.11.v20240426-1830\jre\bin\java.dll
Event: 0.350 Loaded shared library D:\JAVA_FOLD\springboot\sts-4.22.1.RELEASE\plugins\org.eclipse.justj.openjdk.hotspot.jre.full.win32.x86_64_17.0.11.v20240426-1830\jre\bin\jimage.dll
Event: 0.374 Loaded shared library D:\JAVA_FOLD\springboot\sts-4.22.1.RELEASE\plugins\org.eclipse.justj.openjdk.hotspot.jre.full.win32.x86_64_17.0.11.v20240426-1830\jre\bin\net.dll
Event: 0.377 Loaded shared library D:\JAVA_FOLD\springboot\sts-4.22.1.RELEASE\plugins\org.eclipse.justj.openjdk.hotspot.jre.full.win32.x86_64_17.0.11.v20240426-1830\jre\bin\nio.dll
Event: 0.385 Loaded shared library D:\JAVA_FOLD\springboot\sts-4.22.1.RELEASE\plugins\org.eclipse.justj.openjdk.hotspot.jre.full.win32.x86_64_17.0.11.v20240426-1830\jre\bin\zip.dll
Event: 0.514 Loaded shared library D:\JAVA_FOLD\springboot\sts-4.22.1.RELEASE\plugins\org.eclipse.justj.openjdk.hotspot.jre.full.win32.x86_64_17.0.11.v20240426-1830\jre\bin\management.dll
Event: 0.568 Loaded shared library D:\JAVA_FOLD\springboot\sts-4.22.1.RELEASE\plugins\org.eclipse.justj.openjdk.hotspot.jre.full.win32.x86_64_17.0.11.v20240426-1830\jre\bin\management_ext.dll
Event: 0.861 Loaded shared library D:\JAVA_FOLD\springboot\sts-4.22.1.RELEASE\plugins\org.eclipse.justj.openjdk.hotspot.jre.full.win32.x86_64_17.0.11.v20240426-1830\jre\bin\extnet.dll
Event: 0.933 Loaded shared library D:\JAVA_FOLD\springboot\sts-4.22.1.RELEASE\plugins\org.eclipse.justj.openjdk.hotspot.jre.full.win32.x86_64_17.0.11.v20240426-1830\jre\bin\verify.dll
Event: 8.339 Loaded shared library D:\JAVA_FOLD\springboot\sts-4.22.1.RELEASE\plugins\org.eclipse.justj.openjdk.hotspot.jre.full.win32.x86_64_17.0.11.v20240426-1830\jre\bin\sunmscapi.dll

Deoptimization events (8 events):
Event: 3.038 Thread 0x000002954079d6a0 DEOPT PACKING pc=0x00000295319b4b14 sp=0x000000d3e25fcee0
Event: 3.038 Thread 0x000002954079d6a0 DEOPT UNPACKING pc=0x00000295314e7143 sp=0x000000d3e25fc438 mode 0
Event: 4.382 Thread 0x000002954079d6a0 DEOPT PACKING pc=0x00000295319a1f81 sp=0x000000d3e25fdf00
Event: 4.382 Thread 0x000002954079d6a0 DEOPT UNPACKING pc=0x00000295314e7143 sp=0x000000d3e25fd390 mode 3
Event: 4.382 Thread 0x0000029540f4fa70 DEOPT PACKING pc=0x0000029531926817 sp=0x000000d3e26ff210
Event: 4.383 Thread 0x0000029540f4fa70 DEOPT UNPACKING pc=0x00000295314e7143 sp=0x000000d3e26fe668 mode 3
Event: 7.342 Thread 0x000002954079d6a0 DEOPT PACKING pc=0x00000295319a8052 sp=0x000000d3e25fbe60
Event: 7.342 Thread 0x000002954079d6a0 DEOPT UNPACKING pc=0x00000295314e7143 sp=0x000000d3e25fb368 mode 3

Classes unloaded (20 events):
Event: 7102.189 Thread 0x000002953b3b0400 Unloading class 0x0000000100922e00 'com/bus/service/OpeningDate'
Event: 7102.189 Thread 0x000002953b3b0400 Unloading class 0x0000000100922bb0 'com/bus/beans/MovieDetails'
Event: 7102.189 Thread 0x000002953b3b0400 Unloading class 0x00000001009229b8 'com/bus/service/MovieRepo'
Event: 7102.189 Thread 0x000002953b3b0400 Unloading class 0x0000000100922718 'com/bus/beans/OrderHistory'
Event: 7102.189 Thread 0x000002953b3b0400 Unloading class 0x0000000100921de8 'com/bus/service/HistoryRepo'
Event: 7102.189 Thread 0x000002953b3b0400 Unloading class 0x00000001009224a8 'com/bus/beans/Customer'
Event: 7102.189 Thread 0x000002953b3b0400 Unloading class 0x0000000100920600 'com/bus/service/CustomerRepo'
Event: 7102.189 Thread 0x000002953b3b0400 Unloading class 0x0000000100922240 'com/bus/service/CustomerDao'
Event: 7102.189 Thread 0x000002953b3b0400 Unloading class 0x0000000100922000 'com/bus/filter/BusFilter'
Event: 7102.189 Thread 0x000002953b3b0400 Unloading class 0x0000000100921b38 'com/bus/BusController'
Event: 7102.189 Thread 0x000002953b3b0400 Unloading class 0x0000000100921800 'com/bus/BusConfig'
Event: 7102.189 Thread 0x000002953b3b0400 Unloading class 0x0000000100920400 'com/bus/BusExperimentApplication'
Event: 7535.686 Thread 0x000002953b3b0400 Unloading class 0x0000000100232000 'jdk/internal/reflect/GeneratedSerializationConstructorAccessor26'
Event: 7535.686 Thread 0x000002953b3b0400 Unloading class 0x0000000100232c00 'jdk/internal/reflect/GeneratedSerializationConstructorAccessor25'
Event: 7535.686 Thread 0x000002953b3b0400 Unloading class 0x0000000100304400 'jdk/internal/reflect/GeneratedSerializationConstructorAccessor24'
Event: 7535.687 Thread 0x000002953b3b0400 Unloading class 0x0000000100951000 'jdk/internal/reflect/GeneratedSerializationConstructorAccessor23'
Event: 7536.644 Thread 0x000002953b3b0400 Unloading class 0x0000000100937c00 'jdk/internal/reflect/GeneratedSerializationConstructorAccessor30'
Event: 7536.644 Thread 0x000002953b3b0400 Unloading class 0x0000000100142000 'jdk/internal/reflect/GeneratedSerializationConstructorAccessor29'
Event: 7536.644 Thread 0x000002953b3b0400 Unloading class 0x0000000100269400 'jdk/internal/reflect/GeneratedSerializationConstructorAccessor28'
Event: 7536.644 Thread 0x000002953b3b0400 Unloading class 0x0000000100140800 'jdk/internal/reflect/GeneratedSerializationConstructorAccessor27'

Classes redefined (0 events):
No events

Internal exceptions (20 events):
Event: 7536.334 Thread 0x0000029540f4fa70 Exception <a 'java/lang/NoClassDefFoundError'{0x0000000084aef820}: org/flywaydb/core/Flyway> (0x0000000084aef820) 
thrown [s\src\hotspot\share\oops\constantPool.cpp, line 837]
Event: 7536.334 Thread 0x0000029540f4fa70 Exception <a 'java/lang/NoClassDefFoundError'{0x0000000084af5c80}: liquibase/integration/spring/SpringLiquibase> (0x0000000084af5c80) 
thrown [s\src\hotspot\share\oops\constantPool.cpp, line 837]
Event: 7536.344 Thread 0x0000029540f4fa70 Exception <a 'java/lang/NoClassDefFoundError'{0x000000008497ecd8}: org/jooq/DSLContext> (0x000000008497ecd8) 
thrown [s\src\hotspot\share\oops\constantPool.cpp, line 837]
Event: 7536.345 Thread 0x0000029540f4fa70 Exception <a 'java/lang/NoClassDefFoundError'{0x000000008498bf90}: org/springframework/batch/core/repository/JobRepository> (0x000000008498bf90) 
thrown [s\src\hotspot\share\oops\constantPool.cpp, line 837]
Event: 7536.345 Thread 0x0000029540f4fa70 Exception <a 'java/lang/NoClassDefFoundError'{0x000000008498c5d8}: org/quartz/Scheduler> (0x000000008498c5d8) 
thrown [s\src\hotspot\share\oops\constantPool.cpp, line 837]
Event: 7536.345 Thread 0x0000029540f4fa70 Exception <a 'java/lang/NoClassDefFoundError'{0x000000008498cc48}: org/springframework/session/jdbc/JdbcIndexedSessionRepository> (0x000000008498cc48) 
thrown [s\src\hotspot\share\oops\constantPool.cpp, line 837]
Event: 7536.507 Thread 0x0000029540f4fa70 Exception <a 'java/io/FileNotFoundException'{0x0000000084132438}> (0x0000000084132438) 
thrown [s\src\hotspot\share\prims\jni.cpp, line 516]
Event: 7536.553 Thread 0x0000029540f4fa70 Exception <a 'java/io/FileNotFoundException'{0x00000000840f9fd0}> (0x00000000840f9fd0) 
thrown [s\src\hotspot\share\prims\jni.cpp, line 516]
Event: 7536.951 Thread 0x0000029540f4fa70 Exception <a 'java/lang/ClassNotFoundException'{0x00000000851c5980}: java/lang/ObjectCustomizer> (0x00000000851c5980) 
thrown [s\src\hotspot\share\classfile\systemDictionary.cpp, line 256]
Event: 7536.951 Thread 0x0000029540f4fa70 Exception <a 'java/lang/ClassNotFoundException'{0x00000000851cf4b8}: com/bus/beans/CustomerCustomizer> (0x00000000851cf4b8) 
thrown [s\src\hotspot\share\classfile\systemDictionary.cpp, line 256]
Event: 7536.956 Thread 0x0000029540f4fa70 Exception <a 'java/lang/ClassNotFoundException'{0x0000000085015b50}: java/lang/ObjectCustomizer> (0x0000000085015b50) 
thrown [s\src\hotspot\share\classfile\systemDictionary.cpp, line 256]
Event: 7536.956 Thread 0x0000029540f4fa70 Exception <a 'java/lang/ClassNotFoundException'{0x000000008501e918}: com/bus/beans/SeatCustomizer> (0x000000008501e918) 
thrown [s\src\hotspot\share\classfile\systemDictionary.cpp, line 256]
Event: 7536.961 Thread 0x0000029540f4fa70 Exception <a 'java/lang/ClassNotFoundException'{0x00000000850650c0}: java/lang/ObjectCustomizer> (0x00000000850650c0) 
thrown [s\src\hotspot\share\classfile\systemDictionary.cpp, line 256]
Event: 7536.961 Thread 0x0000029540f4fa70 Exception <a 'java/lang/ClassNotFoundException'{0x000000008506e228}: com/bus/beans/CurrentDateOperationCustomizer> (0x000000008506e228) 
thrown [s\src\hotspot\share\classfile\systemDictionary.cpp, line 256]
Event: 7536.967 Thread 0x0000029540f4fa70 Exception <a 'java/lang/ClassNotFoundException'{0x00000000850bab18}: java/lang/ObjectCustomizer> (0x00000000850bab18) 
thrown [s\src\hotspot\share\classfile\systemDictionary.cpp, line 256]
Event: 7536.968 Thread 0x0000029540f4fa70 Exception <a 'java/lang/ClassNotFoundException'{0x00000000850c3ab0}: com/bus/beans/OrderHistoryCustomizer> (0x00000000850c3ab0) 
thrown [s\src\hotspot\share\classfile\systemDictionary.cpp, line 256]
Event: 7536.996 Thread 0x0000029540f4fa70 Exception <a 'java/lang/reflect/InvocationTargetException'{0x0000000084b6a008}> (0x0000000084b6a008) 
thrown [s\src\hotspot\share\runtime\reflection.cpp, line 1121]
Event: 7537.079 Thread 0x0000029540f4fa70 Exception <a 'java/lang/ClassNotFoundException'{0x0000000089a63848}: java/lang/ObjectCustomizer> (0x0000000089a63848) 
thrown [s\src\hotspot\share\classfile\systemDictionary.cpp, line 256]
Event: 7537.080 Thread 0x0000029540f4fa70 Exception <a 'java/lang/ClassNotFoundException'{0x0000000089a6c7f8}: com/bus/beans/MovieDetailsCustomizer> (0x0000000089a6c7f8) 
thrown [s\src\hotspot\share\classfile\systemDictionary.cpp, line 256]
Event: 7783.473 Thread 0x0000029540f50eb0 Exception <a 'java/lang/InterruptedException'{0x0000000084cc1518}: sleep interrupted> (0x0000000084cc1518) 
thrown [s\src\hotspot\share\prims\jvm.cpp, line 3064]

VM Operations (20 events):
Event: 7535.720 Executing VM operation: G1CollectFull done
Event: 7536.581 Executing VM operation: G1CollectForAllocation
Event: 7536.586 Executing VM operation: G1CollectForAllocation done
Event: 7536.643 Executing VM operation: G1PauseRemark
Event: 7536.652 Executing VM operation: G1PauseRemark done
Event: 7536.676 Executing VM operation: G1PauseCleanup
Event: 7536.676 Executing VM operation: G1PauseCleanup done
Event: 7537.058 Executing VM operation: G1CollectForAllocation
Event: 7537.065 Executing VM operation: G1CollectForAllocation done
Event: 7537.403 Executing VM operation: G1CollectForAllocation
Event: 7537.409 Executing VM operation: G1CollectForAllocation done
Event: 7537.481 Executing VM operation: G1PauseRemark
Event: 7537.488 Executing VM operation: G1PauseRemark done
Event: 7537.520 Executing VM operation: G1PauseCleanup
Event: 7537.521 Executing VM operation: G1PauseCleanup done
Event: 7576.831 Executing VM operation: Cleanup
Event: 7576.831 Executing VM operation: Cleanup done
Event: 7577.130 Executing VM operation: HandshakeAllThreads
Event: 7577.131 Executing VM operation: HandshakeAllThreads done
Event: 7783.481 Executing VM operation: G1CollectFull

Events (20 events):
Event: 7537.138 loading class java/time/DurationEditor
Event: 7537.138 loading class java/time/DurationEditor done
Event: 7537.449 Thread 0x00000295405aebb0 Thread added: 0x00000295405aebb0
Event: 7537.478 Thread 0x00000295405adc80 Thread added: 0x00000295405adc80
Event: 7537.478 Thread 0x00000295405ad260 Thread added: 0x00000295405ad260
Event: 7537.506 Thread 0x0000029540f4f050 Thread exited: 0x0000029540f4f050
Event: 7537.506 Thread 0x0000029540f4fa70 Thread exited: 0x0000029540f4fa70
Event: 7541.769 Thread 0x00000295421e9ae0 Thread exited: 0x00000295421e9ae0
Event: 7541.769 Thread 0x00000295405ae6a0 Thread exited: 0x00000295405ae6a0
Event: 7546.775 Thread 0x00000295421e95c0 Thread exited: 0x00000295421e95c0
Event: 7783.447 Thread 0x00000295405afff0 Thread added: 0x00000295405afff0
Event: 7783.447 Thread 0x00000295405aebb0 Thread exited: 0x00000295405aebb0
Event: 7783.464 Thread 0x00000295405ad260 Thread exited: 0x00000295405ad260
Event: 7783.473 Thread 0x00000295405adc80 Thread exited: 0x00000295405adc80
Event: 7783.473 Thread 0x0000029540f50eb0 Thread exited: 0x0000029540f50eb0
Event: 7783.476 Thread 0x00000295405ad260 Thread added: 0x00000295405ad260
Event: 7783.476 Thread 0x0000029540f513c0 Thread exited: 0x0000029540f513c0
Event: 7783.478 Thread 0x0000029540f518d0 Thread exited: 0x0000029540f518d0
Event: 7783.478 Thread 0x0000029540f4ff80 Thread exited: 0x0000029540f4ff80
Event: 7783.480 Thread 0x00000295405ad260 Thread exited: 0x00000295405ad260


Dynamic libraries:
0x00007ff6d1dd0000 - 0x00007ff6d1dde000 	D:\JAVA_FOLD\springboot\sts-4.22.1.RELEASE\plugins\org.eclipse.justj.openjdk.hotspot.jre.full.win32.x86_64_17.0.11.v20240426-1830\jre\bin\javaw.exe
0x00007ffdae130000 - 0x00007ffdae328000 	C:\Windows\SYSTEM32\ntdll.dll
0x00007ffdad490000 - 0x00007ffdad552000 	C:\Windows\System32\KERNEL32.DLL
0x00007ffdab7c0000 - 0x00007ffdabab7000 	C:\Windows\System32\KERNELBASE.dll
0x00007ffdabac0000 - 0x00007ffdabbc0000 	C:\Windows\System32\ucrtbase.dll
0x00007ffda6140000 - 0x00007ffda6157000 	D:\JAVA_FOLD\springboot\sts-4.22.1.RELEASE\plugins\org.eclipse.justj.openjdk.hotspot.jre.full.win32.x86_64_17.0.11.v20240426-1830\jre\bin\jli.dll
0x00007ffdad620000 - 0x00007ffdad7bd000 	C:\Windows\System32\USER32.dll
0x00007ffdabf10000 - 0x00007ffdabf32000 	C:\Windows\System32\win32u.dll
0x00007ffdad7c0000 - 0x00007ffdad7eb000 	C:\Windows\System32\GDI32.dll
0x00007ffdabbc0000 - 0x00007ffdabcd9000 	C:\Windows\System32\gdi32full.dll
0x00007ffdabce0000 - 0x00007ffdabd7d000 	C:\Windows\System32\msvcp_win.dll
0x00007ffda6120000 - 0x00007ffda613b000 	D:\JAVA_FOLD\springboot\sts-4.22.1.RELEASE\plugins\org.eclipse.justj.openjdk.hotspot.jre.full.win32.x86_64_17.0.11.v20240426-1830\jre\bin\VCRUNTIME140.dll
0x00007ffd95670000 - 0x00007ffd9590a000 	C:\Windows\WinSxS\amd64_microsoft.windows.common-controls_6595b64144ccf1df_6.0.19041.5915_none_60b4b9d171f9c7c7\COMCTL32.dll
0x00007ffdac530000 - 0x00007ffdac5ce000 	C:\Windows\System32\msvcrt.dll
0x00007ffdad7f0000 - 0x00007ffdad81f000 	C:\Windows\System32\IMM32.DLL
0x00007ffda6110000 - 0x00007ffda611c000 	D:\JAVA_FOLD\springboot\sts-4.22.1.RELEASE\plugins\org.eclipse.justj.openjdk.hotspot.jre.full.win32.x86_64_17.0.11.v20240426-1830\jre\bin\vcruntime140_1.dll
0x00007ffd92bc0000 - 0x00007ffd92c4d000 	D:\JAVA_FOLD\springboot\sts-4.22.1.RELEASE\plugins\org.eclipse.justj.openjdk.hotspot.jre.full.win32.x86_64_17.0.11.v20240426-1830\jre\bin\msvcp140.dll
0x00007ffd5e3c0000 - 0x00007ffd5f022000 	D:\JAVA_FOLD\springboot\sts-4.22.1.RELEASE\plugins\org.eclipse.justj.openjdk.hotspot.jre.full.win32.x86_64_17.0.11.v20240426-1830\jre\bin\server\jvm.dll
0x00007ffdadde0000 - 0x00007ffdade91000 	C:\Windows\System32\ADVAPI32.dll
0x00007ffdad880000 - 0x00007ffdad91f000 	C:\Windows\System32\sechost.dll
0x00007ffdad990000 - 0x00007ffdadab6000 	C:\Windows\System32\RPCRT4.dll
0x00007ffdabee0000 - 0x00007ffdabf07000 	C:\Windows\System32\bcrypt.dll
0x00007ffdab620000 - 0x00007ffdab66b000 	C:\Windows\SYSTEM32\POWRPROF.dll
0x00007ffd88280000 - 0x00007ffd88289000 	C:\Windows\SYSTEM32\WSOCK32.dll
0x00007ffdad920000 - 0x00007ffdad98b000 	C:\Windows\System32\WS2_32.dll
0x00007ffd88130000 - 0x00007ffd88157000 	C:\Windows\SYSTEM32\WINMM.dll
0x00007ffda49e0000 - 0x00007ffda49ea000 	C:\Windows\SYSTEM32\VERSION.dll
0x00007ffdab600000 - 0x00007ffdab612000 	C:\Windows\SYSTEM32\UMPDC.dll
0x00007ffda9fe0000 - 0x00007ffda9ff2000 	C:\Windows\SYSTEM32\kernel.appcore.dll
0x00007ffda4870000 - 0x00007ffda487a000 	D:\JAVA_FOLD\springboot\sts-4.22.1.RELEASE\plugins\org.eclipse.justj.openjdk.hotspot.jre.full.win32.x86_64_17.0.11.v20240426-1830\jre\bin\jimage.dll
0x00007ffda9da0000 - 0x00007ffda9fa1000 	C:\Windows\SYSTEM32\DBGHELP.DLL
0x00007ffd8e9e0000 - 0x00007ffd8ea14000 	C:\Windows\SYSTEM32\dbgcore.DLL
0x00007ffdabe50000 - 0x00007ffdabed2000 	C:\Windows\System32\bcryptPrimitives.dll
0x00007ffd861d0000 - 0x00007ffd861f5000 	D:\JAVA_FOLD\springboot\sts-4.22.1.RELEASE\plugins\org.eclipse.justj.openjdk.hotspot.jre.full.win32.x86_64_17.0.11.v20240426-1830\jre\bin\java.dll
0x00007ffd861b0000 - 0x00007ffd861c8000 	D:\JAVA_FOLD\springboot\sts-4.22.1.RELEASE\plugins\org.eclipse.justj.openjdk.hotspot.jre.full.win32.x86_64_17.0.11.v20240426-1830\jre\bin\zip.dll
0x00007ffdac8b0000 - 0x00007ffdad01e000 	C:\Windows\System32\SHELL32.dll
0x00007ffda95f0000 - 0x00007ffda9d94000 	C:\Windows\SYSTEM32\windows.storage.dll
0x00007ffdac150000 - 0x00007ffdac4a3000 	C:\Windows\System32\combase.dll
0x00007ffdab120000 - 0x00007ffdab14b000 	C:\Windows\SYSTEM32\Wldp.dll
0x00007ffdadeb0000 - 0x00007ffdadf7d000 	C:\Windows\System32\OLEAUT32.dll
0x00007ffdad560000 - 0x00007ffdad60d000 	C:\Windows\System32\SHCORE.dll
0x00007ffdac780000 - 0x00007ffdac7db000 	C:\Windows\System32\shlwapi.dll
0x00007ffdab6f0000 - 0x00007ffdab714000 	C:\Windows\SYSTEM32\profapi.dll
0x00007ffd86190000 - 0x00007ffd861a9000 	D:\JAVA_FOLD\springboot\sts-4.22.1.RELEASE\plugins\org.eclipse.justj.openjdk.hotspot.jre.full.win32.x86_64_17.0.11.v20240426-1830\jre\bin\net.dll
0x00007ffda13f0000 - 0x00007ffda14fa000 	C:\Windows\SYSTEM32\WINHTTP.dll
0x00007ffdaae80000 - 0x00007ffdaaeea000 	C:\Windows\system32\mswsock.dll
0x00007ffd86170000 - 0x00007ffd86186000 	D:\JAVA_FOLD\springboot\sts-4.22.1.RELEASE\plugins\org.eclipse.justj.openjdk.hotspot.jre.full.win32.x86_64_17.0.11.v20240426-1830\jre\bin\nio.dll
0x00007ffda6100000 - 0x00007ffda6109000 	D:\JAVA_FOLD\springboot\sts-4.22.1.RELEASE\plugins\org.eclipse.justj.openjdk.hotspot.jre.full.win32.x86_64_17.0.11.v20240426-1830\jre\bin\management.dll
0x00007ffda60f0000 - 0x00007ffda60fb000 	D:\JAVA_FOLD\springboot\sts-4.22.1.RELEASE\plugins\org.eclipse.justj.openjdk.hotspot.jre.full.win32.x86_64_17.0.11.v20240426-1830\jre\bin\management_ext.dll
0x00007ffdac7e0000 - 0x00007ffdac7e8000 	C:\Windows\System32\PSAPI.DLL
0x00007ffd88b50000 - 0x00007ffd88b67000 	C:\Windows\system32\napinsp.dll
0x00007ffd88b30000 - 0x00007ffd88b4b000 	C:\Windows\system32\pnrpnsp.dll
0x00007ffda7f40000 - 0x00007ffda7f5d000 	C:\Windows\system32\wshbth.dll
0x00007ffda6080000 - 0x00007ffda609d000 	C:\Windows\system32\NLAapi.dll
0x00007ffdaab60000 - 0x00007ffdaab9b000 	C:\Windows\SYSTEM32\IPHLPAPI.DLL
0x00007ffdaaba0000 - 0x00007ffdaac6a000 	C:\Windows\SYSTEM32\DNSAPI.dll
0x00007ffdadea0000 - 0x00007ffdadea8000 	C:\Windows\System32\NSI.dll
0x00007ffd88b10000 - 0x00007ffd88b22000 	C:\Windows\System32\winrnr.dll
0x00007ffda36b0000 - 0x00007ffda36ba000 	C:\Windows\System32\rasadhlp.dll
0x00007ffd9e6e0000 - 0x00007ffd9e760000 	C:\Windows\System32\fwpuclnt.dll
0x00007ffdab080000 - 0x00007ffdab098000 	C:\Windows\SYSTEM32\CRYPTSP.dll
0x00007ffdaa7a0000 - 0x00007ffdaa7d8000 	C:\Windows\system32\rsaenh.dll
0x00007ffdab670000 - 0x00007ffdab69e000 	C:\Windows\SYSTEM32\USERENV.dll
0x00007ffdab070000 - 0x00007ffdab07c000 	C:\Windows\SYSTEM32\CRYPTBASE.dll
0x00007ffda18a0000 - 0x00007ffda18b7000 	C:\Windows\SYSTEM32\dhcpcsvc6.DLL
0x00007ffda3420000 - 0x00007ffda343d000 	C:\Windows\SYSTEM32\dhcpcsvc.DLL
0x00007ffd95110000 - 0x00007ffd95119000 	D:\JAVA_FOLD\springboot\sts-4.22.1.RELEASE\plugins\org.eclipse.justj.openjdk.hotspot.jre.full.win32.x86_64_17.0.11.v20240426-1830\jre\bin\extnet.dll
0x00007ffd8c350000 - 0x00007ffd8c360000 	D:\JAVA_FOLD\springboot\sts-4.22.1.RELEASE\plugins\org.eclipse.justj.openjdk.hotspot.jre.full.win32.x86_64_17.0.11.v20240426-1830\jre\bin\verify.dll
0x00007ffd8b100000 - 0x00007ffd8b10e000 	D:\JAVA_FOLD\springboot\sts-4.22.1.RELEASE\plugins\org.eclipse.justj.openjdk.hotspot.jre.full.win32.x86_64_17.0.11.v20240426-1830\jre\bin\sunmscapi.dll
0x00007ffdabff0000 - 0x00007ffdac14d000 	C:\Windows\System32\CRYPT32.dll
0x00007ffdab190000 - 0x00007ffdab1b7000 	C:\Windows\SYSTEM32\ncrypt.dll
0x00007ffdab150000 - 0x00007ffdab18b000 	C:\Windows\SYSTEM32\NTASN1.dll
0x00007ffda60e0000 - 0x00007ffda60e7000 	C:\Windows\system32\wshunix.dll

dbghelp: loaded successfully - version: 4.0.5 - missing functions: none
symbol engine: initialized successfully - sym options: 0x614 - pdb path: .;D:\JAVA_FOLD\springboot\sts-4.22.1.RELEASE\plugins\org.eclipse.justj.openjdk.hotspot.jre.full.win32.x86_64_17.0.11.v20240426-1830\jre\bin;C:\Windows\SYSTEM32;C:\Windows\WinSxS\amd64_microsoft.windows.common-controls_6595b64144ccf1df_6.0.19041.5915_none_60b4b9d171f9c7c7;D:\JAVA_FOLD\springboot\sts-4.22.1.RELEASE\plugins\org.eclipse.justj.openjdk.hotspot.jre.full.win32.x86_64_17.0.11.v20240426-1830\jre\bin\server

VM Arguments:
jvm_args: -Dcom.sun.management.jmxremote -Dcom.sun.management.jmxremote.port=63818 -Dcom.sun.management.jmxremote.authenticate=false -Dcom.sun.management.jmxremote.ssl=false -Djava.rmi.server.hostname=localhost -Dspring.jmx.enabled=true -Dmanagement.endpoints.jmx.exposure.include=* -Dspring.application.admin.enabled=true -XX:TieredStopAtLevel=1 -Dspring.boot.project.name=Filimbooking -Dfile.encoding=UTF-8 -Dstdout.encoding=UTF-8 -Dstderr.encoding=UTF-8 -XX:+ShowCodeDetailsInExceptionMessages 
java_command: com.bus.BusExperimentApplication --spring.output.ansi.enabled=always
java_class_path (initial): D:\JAVA_FOLD\STS\Filimbooking\target\classes;C:\Users\User\.m2\repository\org\springframework\boot\spring-boot-starter-data-jpa\2.5.4\spring-boot-starter-data-jpa-2.5.4.jar;C:\Users\User\.m2\repository\org\springframework\boot\spring-boot-starter-aop\2.5.4\spring-boot-starter-aop-2.5.4.jar;C:\Users\User\.m2\repository\org\springframework\spring-aop\5.3.9\spring-aop-5.3.9.jar;C:\Users\User\.m2\repository\org\aspectj\aspectjweaver\1.9.7\aspectjweaver-1.9.7.jar;C:\Users\User\.m2\repository\org\springframework\boot\spring-boot-starter-jdbc\2.5.4\spring-boot-starter-jdbc-2.5.4.jar;C:\Users\User\.m2\repository\com\zaxxer\HikariCP\4.0.3\HikariCP-4.0.3.jar;C:\Users\User\.m2\repository\org\springframework\spring-jdbc\5.3.9\spring-jdbc-5.3.9.jar;C:\Users\User\.m2\repository\jakarta\transaction\jakarta.transaction-api\1.3.3\jakarta.transaction-api-1.3.3.jar;C:\Users\User\.m2\repository\jakarta\persistence\jakarta.persistence-api\2.2.3\jakarta.persistence-api-2.2.3.jar;C:\Users\User\.m2\repository\org\hibernate\hibernate-core\5.4.32.Final\hibernate-core-5.4.32.Final.jar;C:\Users\User\.m2\repository\org\jboss\logging\jboss-logging\3.4.2.Final\jboss-logging-3.4.2.Final.jar;C:\Users\User\.m2\repository\org\javassist\javassist\3.27.0-GA\javassist-3.27.0-GA.jar;C:\Users\User\.m2\repository\net\bytebuddy\byte-buddy\1.10.22\byte-buddy-1.10.22.jar;C:\Users\User\.m2\repository\antlr\antlr\2.7.7\antlr-2.7.7.jar;C:\Users\User\.m2\repository\org\jboss\jandex\2.2.3.Final\jandex-2.2.3.Final.jar;C:\Users\User\.m2\repository\com\fasterxml\classmate\1.5.1\classmate-1.5.1.jar;C:\Users\User\.m2\repository\org\dom4j\dom4j\2.1.3\dom4j-2.1.3.jar;C:\Users\User\.m2\repository\org\hibernate\common\hibernate-commons-annotations\5.1.2.Final\hibernate-commons-annotations-5.1.2.Final.jar;C:\Users\User\.m2\repository\org\glassfish\jaxb\jaxb-runtime\2.3.5\jaxb-runtime-2.3.5.jar;C:\Users\User\.m2\repository\org\glassfish\jaxb\txw2\2.3.5\txw2-2.3.5.jar;C:\Users\User\.m2\repository\
Launcher Type: SUN_STANDARD

[Global flags]
     intx CICompilerCount                          = 3                                         {product} {ergonomic}
     uint ConcGCThreads                            = 1                                         {product} {ergonomic}
     uint G1ConcRefinementThreads                  = 4                                         {product} {ergonomic}
   size_t G1HeapRegionSize                         = 1048576                                   {product} {ergonomic}
    uintx GCDrainStackTargetSize                   = 64                                        {product} {ergonomic}
   size_t InitialHeapSize                          = 134217728                                 {product} {ergonomic}
     bool ManagementServer                         = true                                      {product} {command line}
   size_t MarkStackSize                            = 4194304                                   {product} {ergonomic}
   size_t MaxHeapSize                              = 2118123520                                {product} {ergonomic}
   size_t MaxNewSize                               = 1270874112                                {product} {ergonomic}
   size_t MinHeapDeltaBytes                        = 1048576                                   {product} {ergonomic}
   size_t MinHeapSize                              = 8388608                                   {product} {ergonomic}
    uintx NonProfiledCodeHeapSize                  = 0                                      {pd product} {ergonomic}
     bool ProfileInterpreter                       = false                                  {pd product} {command line}
    uintx ProfiledCodeHeapSize                     = 0                                      {pd product} {ergonomic}
     bool ShowCodeDetailsInExceptionMessages       = true                                   {manageable} {command line}
   size_t SoftMaxHeapSize                          = 2118123520                             {manageable} {ergonomic}
     intx TieredStopAtLevel                        = 1                                         {product} {command line}
     bool UseCompressedClassPointers               = true                           {product lp64_product} {ergonomic}
     bool UseCompressedOops                        = true                           {product lp64_product} {ergonomic}
     bool UseG1GC                                  = true                                      {product} {ergonomic}
     bool UseLargePagesIndividualAllocation        = false                                  {pd product} {ergonomic}

Logging:
Log output configuration:
 #0: stdout all=warning uptime,level,tags
 #1: stderr all=off uptime,level,tags

Environment Variables:
JAVA_HOME=C:\Program Files\Java\jdk-1.8.0.441
PATH=D:/JAVA_FOLD/springboot/sts-4.22.1.RELEASE//plugins/org.eclipse.justj.openjdk.hotspot.jre.full.win32.x86_64_17.0.11.v20240426-1830/jre/bin/server;D:/JAVA_FOLD/springboot/sts-4.22.1.RELEASE//plugins/org.eclipse.justj.openjdk.hotspot.jre.full.win32.x86_64_17.0.11.v20240426-1830/jre/bin;C:\Program Files\Java\jdk-11\bin;C:\Program Files (x86)\Common Files\Oracle\Java\javapath;C:\Program Files\Java\jdk-1.8.0.441\bin;C:\Windows\system32;C:\Windows;C:\Windows\System32\Wbem;C:\Windows\System32\WindowsPowerShell\v1.0\;C:\Windows\System32\OpenSSH\;C:\Program Files\Java\jdk-19\bin;C:\Program Files (x86)\Microsoft SQL Server\160\Tools\Binn\;C:\Program Files\Microsoft SQL Server\160\Tools\Binn\;C:\Program Files\Microsoft SQL Server\Client SDK\ODBC\170\Tools\Binn\;C:\Program Files\Microsoft SQL Server\160\DTS\Binn\;C:\Program Files\Java\jdk1.8.0_181\bin;C:\Program Files\Java\jdk1.8.0_181\bin;C:\Program Files\Git\cmd;C:\Program Files\nodejs\;C:\Program Files\PuTTY\;C:\Program Files\PostgreSQL\17\bin;C:\Program Files\Docker\Docker\resources\bin;C:\Users\User\AppData\Local\Programs\Python\Python312\Scripts\;C:\Users\User\AppData\Local\Programs\Python\Python312\;C:\Users\User\AppData\Local\Programs\Python\Launcher\;C:\Users\User\AppData\Local\Microsoft\WindowsApps;C:\Program Files\Java\jdk-19\bin;C:\Program Files\JetBrains\PyCharm 2023.2.2\bin;;C:\Users\User\AppData\Local\Programs\Microsoft VS Code\bin;C:\Program Files\Azure Data Studio\bin;C:\Users\User\AppData\Roaming\npm;C:\Program Files\Java\jdk-1.8.0.441\bin;;D:\JAVA_FOLD\springboot\sts-4.22.1.RELEASE;
USERNAME=Surya
OS=Windows_NT
PROCESSOR_IDENTIFIER=Intel64 Family 6 Model 78 Stepping 3, GenuineIntel
TMP=C:\Users\User\AppData\Local\Temp
TEMP=C:\Users\User\AppData\Local\Temp



Periodic native trim disabled


---------------  S Y S T E M  ---------------

OS:
 Windows 10 , 64 bit Build 19041 (10.0.19041.5915)
OS uptime: 1 days 16:55 hours

CPU: total 4 (initial active 4) (2 cores per cpu, 2 threads per core) family 6 model 78 stepping 3 microcode 0xcc, cx8, cmov, fxsr, ht, mmx, 3dnowpref, sse, sse2, sse3, ssse3, sse4.1, sse4.2, popcnt, lzcnt, tsc, tscinvbit, avx, avx2, aes, erms, clmul, bmi1, bmi2, rtm, adx, fma, vzeroupper, clflush, clflushopt
Processor Information for all 4 processors :
  Max Mhz: 2496, Current Mhz: 2396, Mhz Limit: 2396

Memory: 4k page, system-wide physical 8072M (1249M free)
TotalPageFile size 8072M (AvailPageFile size 45M)
current process WorkingSet (physical memory assigned to process): 209M, peak: 216M
current process commit charge ("private bytes"): 245M, peak: 252M

vm_info: OpenJDK 64-Bit Server VM (17.0.11+9) for windows-amd64 JRE (17.0.11+9), built on Apr 17 2024 06:07:48 by "admin" with MS VC++ 16.10 / 16.11 (VS2019)

END.
